<html>
<body>
<pre>
<h1>µVision Build Log</h1>
<h2>Project:</h2>
C:\Users\czaro\Desktop\Nowy folder\test-gita-ostatni\Pawlowski.uvproj
Project File Date:  06/09/2026

<h2>Output:</h2>
Build target 'Target 1'
assembling Startup.s...
compiling main.c...
compiling Led.c...
compiling Keyboard.c...
linking...
Program Size: Code=1412 RO-data=32 RW-data=4 ZI-data=1260  
FromELF: creating hex file...
".\Pawlowski.axf" - 0 Errors, 0 Warning(s).
Clean started: Project: 'Pawlowski'
   deleting intermediate output files for target 'Target 1'
